c --- [ banner ] -------------------------------------------------------------
c
c CaDiCaL SAT Solver
c Copyright (c) 2016-2026
c A. Biere, M. Fleury, N. Froleyks, K. Fazekas, F. Pollitt, T. Faller
c JKU Linz, University of Freiburg, TU Wien
c
c Version 3.0.1
c Apple clang version 21.0.0 (clang-2100.0.123.102) -Wall -Wextra -O3 -DNDEBUG -DNCLOSEFROM
c Sun Jul 19 15:40:55 UTC 2026 Darwin Tahoe-arm64.local 25.4.0 arm64
c
c --- [ proof tracing ] ------------------------------------------------------
c
c opening file to write 'output/jaeger-star-thinning-countermodel-34v/star-thin-any.lrat'
c writing non-binary proof trace to 'output/jaeger-star-thinning-countermodel-34v/star-thin-any.lrat'
c
c --- [ parsing input ] ------------------------------------------------------
c
c reading DIMACS file from 'output/jaeger-star-thinning-countermodel-34v/star-thin-any.cnf'
c opening file to read 'output/jaeger-star-thinning-countermodel-34v/star-thin-any.cnf'
c found 'p cnf 4444 251803' header
c parsed 251803 clauses in 0.03 seconds process time
c
c --- [ options ] ------------------------------------------------------------
c
c   --binary=false                 (different from default 'true')
c   --checkproof=2                 (different from default '3')
c   --lrat=true                    (different from default 'false')
c
c --- [ solving ] ------------------------------------------------------------
c
c time measured in process time since initialization
c
c  seconds  reduction conflicts       size tier2       variables
c         MB    restarts   redundant    glue  trail         remaining
c          level     rate       size/glu tier1  irredundant
c
c *  0.03  0  0 0   0  0    0    0 0.0 0 0 2 6  0% 231073 4234 95%
c )  0.03  0  0 0   0  0    0    0 0.0 0 0 2 6  0% 231073 4234 95%
c {  0.03  0  0 0   0  0    0    0 0.0 0 0 2 6  0% 231073 4234 95%
c -  0.04  0 21 1  27  3  300  229 2.3 9 4 2 6 17% 226120 4234 95%
c -  0.06  0 18 2  73  3  886  716 2.7 11 4 2 6 14% 226120 4234 95%
c }  0.06  0 17 2  73  3 1004  832 3.0 12 4 2 6 13% 226120 4234 95%
c [  0.06  0  0 2  73  0 1004  832 0.0 0 0 2 6  0% 226120 4234 95%
c O  0.06  0  1 2  73  2 1005  833 2.0 2 1 2 6  6% 226120 4234 95%
c ]  0.07  0 36 2  73  1 1818 1584 1.9 21 11 2 6 18% 226120 4234 95%
c {  0.07  0 17 2  73  3 1818 1584 3.0 12 4 2 6 13% 226120 4234 95%
c -  0.08  0 17 3  92  3 1893 1152 2.8 12 4 2 6 13% 226120 4234 95%
c d  0.09  0 18 3 313  4 2881 2064 2.3 12 5 2 6 13% 226098 4223 95%
c t  0.11  0 18 3 313  4 2881 2064 2.3 12 5 2 6 13% 226089 4221 95%
c O  0.12  0 19 3 327  4 3007 2177 2.3 12 5 2 6 13% 226089 4221 95%
c i  0.12  0 18 3 353  4 3298 2438 2.4 12 5 2 6 13% 226089 4220 95%
c -  0.13  0 18 4 366  4 3366 1960 2.4 12 5 2 6 13% 225931 4220 95%
c i  0.13  0 18 4 376  4 3567 2145 2.5 12 5 2 6 12% 225931 4219 95%
c }  0.14  0 18 4 521  4 4894 3293 2.4 13 5 2 6 13% 225931 4219 95%
c [  0.14  0 36 4 521  1 4894 3293 1.9 21 11 2 6 18% 225931 4219 95%
c -  0.16  0 34 5 522  1 5329 2967 1.8 20 11 3 7 17% 225879 4219 95%
c
c  seconds  reduction conflicts       size   tier2       variables
c         MB    restarts   redundant     glue   trail         remaining
c          level     rate       size/glue  tier1  irredundant
c
c d  0.16  0 33 5 522  1 5381 3013 1.8 20 11 3 7 17% 225875 4217 95%
c 2  0.16  0 33 5 522  1 5381 3013 1.8 20 11 3 7 17% 225874 4217 95%
c k  0.17  0 33 5 522  1 5381 3013 1.8 20 11 3 7 17% 225874 4212 95%
c I  0.17  0 31 5 522  1 6009 3557 1.9 19 10 3 6 16% 225874 4212 95%
c -  0.20  0 23 6 523  1 7799 3961 1.9 15 8 3 5 15% 225618 4212 95%
c t  0.22  0 23 6 523  1 7984 4081 1.9 15 8 3 5 14% 225620 4212 95%
c ]  0.23  0 21 6 524  1 8564 4348 1.8 14 7 3 5 14% 225620 4212 95%
c {  0.23  0 18 6 524  4 8564 4348 2.4 13 5 2 6 13% 225620 4212 95%
c i  0.24  0 19 6 604  4 9276 4944 2.4 13 6 2 3 13% 225620 4211 95%
c #  0.25  0 19 6 793  4 10010 5637 2.3 13 6 2 3 13% 225620 4211 95%
c -  0.27  0 18 7 862  4 10785 3428 2.2 13 6 2 3 13% 224485 4211 95%
c s  0.29  0 18 7 1016  4 11541 4059 2.2 13 6 2 3 13% 224432 4211 95%
c t  0.29  0 18 7 1016  4 11541 4059 2.2 13 6 2 3 13% 224426 4211 95%
c e  0.33  0 18 7 1016  4 11541 1015 2.2 13 6 2 3 13% 222591 3755 84%
c ^  0.33  0 18 7 1016  4 11541 1015 2.2 13 6 2 3 13% 222591 3755 84%
c -  0.37  0 17 8 1323  4 14293 1682 2.0 12 6 2 3  2% 222590 3755 84%
c 2  0.37  0 17 8 1323  4 14293 1679 2.0 12 6 2 3  2% 222590 3755 84%
c B  0.38  0 17 8 1330  3 15011 2249 2.0 12 6 2 3  2% 222590 3755 84%
c }  0.38  0 18 8 1479  3 16088 3182 1.9 12 6 2 3  3% 222590 3755 84%
c [  0.38  0 21 8 1479  1 16088 3182 1.8 14 7 3 5 16% 222590 3755 84%
c
c  seconds  reductions  conflicts       size  tier2       variables
c         MB    restarts     redundant     glue  trail         remaining
c          level      rate        size/glue tier1  irredundant
c
c -  0.41  0 20 9 1481  1 18319 2284 1.8 14 8 3 5 12% 222590 3755 84%
c B  0.45  0 18 9 1482  1 21013 3971 1.7 13 8 3 5  9% 222590 3755 84%
c -  0.47  0 20 10 1482  1 22877 2565 1.7 14 8 3 7  8% 222590 3755 84%
c ]  0.52  0 21 10 1485  1 26579 5939 1.7 14 9 3 7  7% 222590 3755 84%
c {  0.52  0 18 10 1485  3 26579 5939 1.9 12 6 2 3  3% 222590 3755 84%
c i  0.53  0 17 10 1611  4 27171 6414 1.9 12 6 2 3  3% 222590 3754 84%
c -  0.55  0 18 11 1789  4 27972 2675 1.8 12 6 2 3  3% 221324 3754 84%
c W  0.57  0 18 11 1800  4 28016 2718 1.8 12 6 2 3  3% 221324 3754 84%
c -  0.62  0 18 12 2983  4 33596 3084 1.6 12 7 2 3  3% 221324 3754 84%
c e  0.66  0 17 12 2983  3 35099 3993 1.7 12 7 2 3  3% 221370 3705 83%
c ^  0.67  0 17 12 2983  3 35099 3993 1.7 12 7 2 3  3% 221370 3705 83%
c F  0.67  0 17 12 2989  3 36019 4693 1.7 12 7 2 3  3% 221370 3705 83%
c -  0.71  0 17 13 3292  3 39758 3939 1.6 11 7 2 3  3% 221370 3705 83%
c }  0.74  0 16 13 3310  3 41891 5693 1.6 11 7 2 3  3% 221370 3705 83%
c [  0.74  0 21 13 3310  1 41891 5693 1.7 14 9 3 7  7% 221370 3705 83%
c W  0.78  0 19 13 3311  1 45020 7978 1.7 14 8 3 7  6% 221370 3705 83%
c -  0.80  0 19 14 3313  1 46462 5113 1.7 14 8 3 7  6% 221370 3705 83%
c -  0.88  0 19 15 3315  1 53711 5456 1.7 15 9 3 7  5% 221370 3705 83%
c =  0.90  0 19 15 3315  1 53711 5454 1.7 15 9 3 7  5% 221315 3702 83%
c O  0.91  0 19 15 3315  1 55022 6543 1.7 15 9 3 7  5% 221315 3702 83%
c
c  seconds  reductions   conflicts       size  tier2       variables
c         MB     restarts     redundant     glue  trail         remaining
c          level       rate        size/glue tier1  irredundant
c
c ]  0.94  0 18 15 3315  1 57994 8916 1.7 15 9 3 7  5% 221315 3702 83%
c {  0.94  0 16 15 3315  3 57994 8916 1.6 11 7 2 3  3% 221315 3702 83%
c -  0.98  0 17 16 3921  3 61504 5138 1.6 11 7 2 3  3% 221315 3702 83%
c 2  0.98  0 17 16 3921  3 61504 5137 1.6 11 7 2 3  3% 221315 3702 83%
c B  1.02  0 16 16 3941  3 66023 8832 1.6 11 7 2 3  3% 221315 3702 83%
c i  1.03  0 16 16 4017  3 67108 9592 1.6 11 7 2 3  2% 221314 3701 83%
c -  1.06  0 16 17 4255  3 69844 5585 1.6 11 7 2 3  2% 220077 3701 83%
c s  1.08  0 16 17 4258  3 70505 6108 1.6 11 7 2 3  2% 219953 3701 83%
c e  1.09  0 16 17 4258  3 70505 6104 1.6 11 7 2 3  2% 219955 3700 83%
c ^  1.10  0 16 17 4258  3 70505 6104 1.6 11 7 2 3  2% 219955 3700 83%
c i  1.11  0 16 17 4258  3 71224 6556 1.6 11 7 2 4  2% 219955 3699 83%
c }  1.18  0 16 17 6002  3 77736 12163 1.6 11 7 2 4  2% 219955 3699 83%
c [  1.18  0 18 17 6002  1 77736 12163 1.7 15 9 3 7  5% 219955 3699 83%
c B  1.18  0 19 17 6002  1 78024 12434 1.7 15 9 3 7  5% 219955 3699 83%
c -  1.19  0 18 18 6002  1 78715 5927 1.7 15 9 3 7  5% 218680 3699 83%
c -  1.32  0 20 19 6008  1 88112 6492 1.7 15 9 3 7  4% 218680 3699 83%
c W  1.38  0 20 19 6009  1 91026 9072 1.7 15 9 3 7  4% 218680 3699 83%
c i  1.43  0 19 19 6012  1 97113 13726 1.7 14 8 3 7  4% 218680 3698 83%
c -  1.45  0 19 20 6013  1 98054 4914 1.7 14 8 3 7  4% 217550 3698 83%
c ]  1.51  0 19 20 6016  1 103640 9723 1.7 15 9 3 7  4% 217548 3697 83%
c
c  seconds  reductions   conflicts        size  tier2       variables
c         MB     restarts      redundant     glue  trail         remaining
c          level       rate         size/glue tier1  irredundant
c
c {  1.51  0 16 20 6016  3 103640 9723 1.6 11 7 2 4  2% 217548 3697 83%
c W  1.53  0 16 20 6389  3 105027 10944 1.5 11 7 2 4  2% 217548 3697 83%
c -  1.60  0 16 21 7279  3 108525 6478 1.5 12 8 2 4  2% 217548 3697 83%
c s  1.75  0 17 21 9559  3 117654 14367 1.5 12 8 2 4  2% 217455 3697 83%
c s  1.77  0 17 21 9559  3 117654 14297 1.5 12 8 2 4  2% 217418 3697 83%
c }  1.81  0 17 21 9953  3 119103 15570 1.5 12 8 2 4  2% 217418 3697 83%
c [  1.81  0 19 21 9953  1 119103 15570 1.7 15 9 3 7  4% 217418 3697 83%
c -  1.82  0 19 22 9953  1 119539 7124 1.7 15 9 3 7  4% 217418 3697 83%
c I  1.83  0 19 22 9953  1 120028 7582 1.7 15 9 3 7  4% 217418 3697 83%
c -  1.98  0 19 23 9955  1 131097 7928 1.7 15 9 3 7  4% 217418 3697 83%
c B  2.04  0 19 23 9955  1 136029 12387 1.7 16 9 3 7  4% 217418 3697 83%
c -  2.13  0 20 24 9955  1 143201 8672 1.7 16 9 3 8  4% 217418 3697 83%
c ]  2.18  0 20 24 9955  1 145528 10736 1.7 16 9 3 8  4% 217418 3697 83%
c {  2.18  0 17 24 9955  3 145528 10736 1.5 12 8 2 4  2% 217418 3697 83%
c #  2.27  0 16 24 11066  3 153030 16887 1.5 12 8 2 4  2% 217418 3697 83%
c -  2.32  0 16 25 11136  3 155851 9093 1.5 12 8 2 4  2% 217418 3697 83%
c u  2.35  0 16 25 11136  3 155851 7275 1.5 12 8 2 4  2% 217418 3697 83%
c v  2.36  0 16 25 11136  3 155851 5834 1.5 12 8 2 4  2% 217418 3696 83%
c w  2.36  0 16 25 11136  3 155851 5834 1.5 12 8 2 4  2% 217418 3696 83%
c x  2.36  0 16 25 11136  3 155851 5834 1.5 12 8 2 4  2% 216295 3696 83%
c
c  seconds  reductions    conflicts        size  tier2       variables
c         MB      restarts      redundant     glue  trail         remaining
c          level        rate         size/glue tier1  irredundant
c
c -  2.50  0 16 26 11359  3 169048 7173 1.5 12 8 2 4  2% 215213 3696 83%
c B  2.52  0 16 26 11409  3 171032 8696 1.5 12 8 2 4  2% 215213 3696 83%
c }  2.57  0 16 26 11573  3 175968 12800 1.5 12 8 2 4  3% 215213 3696 83%
c [  2.57  0 20 26 11573  1 175968 12800 1.7 16 9 3 8  4% 215213 3696 83%
c e  2.59  0 20 26 11573  1 176434 13229 1.7 16 9 3 8  4% 215146 3693 83%
c s  2.59  0 20 26 11573  1 176434 13229 1.7 16 9 3 8  4% 215083 3693 83%
c e  2.60  0 20 26 11573  1 176434 13229 1.7 16 9 3 8  4% 215048 3692 83%
c -  2.69  0 20 27 11578  1 182751 9016 1.7 16 9 3 8  4% 215048 3692 83%
c W  2.84  0 20 27 11581  1 190033 15373 1.7 16 9 3 8  4% 215048 3692 83%
c -  2.95  0 19 28 11586  1 196991 10388 1.8 16 9 3 8  4% 215048 3692 83%
c ]  3.05  0 19 28 11588  1 204037 16397 1.8 16 9 3 8  4% 215048 3692 83%
c {  3.05  0 16 28 11588  3 204037 16397 1.5 12 8 2 4  3% 215048 3692 83%
c W  3.14  0 16 28 11760  2 210036 20715 1.5 12 8 2 4  3% 215048 3692 83%
c -  3.18  0 15 29 11866  2 211777 10766 1.5 12 8 2 4  3% 215048 3692 83%
c -  3.38  0 15 30 12255  2 227106 11893 1.6 12 8 2 4  3% 215048 3692 83%
c F  3.44  0 15 30 12322  2 231038 14785 1.6 12 8 2 4  3% 215048 3692 83%
c }  3.48  0 15 30 12447  2 235184 17853 1.6 12 8 2 4  3% 215048 3692 83%
c [  3.48  0 19 30 12447  1 235184 17853 1.8 16 9 3 8  4% 215048 3692 83%
c -  3.60  0 19 31 12449  1 242980 13496 1.8 16 9 3 8  4% 215048 3692 83%
c s  3.70  0 19 31 12452  1 246805 16495 1.8 16 9 3 8  4% 215047 3692 83%
c
c  seconds  reductions    conflicts         size  tier2       variables
c         MB      restarts       redundant     glue  trail         remaining
c          level        rate          size/glue tier1  irredundant
c
c O  3.80  0 18 31 12454  1 253040 21277 1.8 16 9 3 8  4% 215047 3692 83%
c -  3.90  0 18 32 12459  1 259401 13948 1.8 16 9 3 8  4% 215047 3692 83%
c u  3.93  0 18 32 12459  1 259401 12963 1.8 16 9 3 8  4% 215047 3692 83%
c v  3.93  0 18 32 12459  1 259401 12279 1.8 16 9 3 8  4% 215047 3692 83%
c w  3.93  0 18 32 12459  1 259401 12279 1.8 16 9 3 8  4% 215047 3692 83%
c ]  4.05  0 17 32 12462  1 268354 19245 1.8 16 9 2 7  4% 215047 3692 83%
c {  4.05  0 15 32 12462  2 268354 19245 1.6 12 8 2 4  3% 215047 3692 83%
c B  4.17  0 15 32 12822  2 276042 24364 1.6 12 8 2 4  3% 215047 3692 83%
c -  4.19  0 15 33 12893  2 276368 12948 1.6 12 8 2 4  3% 215047 3692 83%
c -  4.47  0 14 34 13973  2 293882 15329 1.6 12 7 2 4  3% 215047 3692 83%
c W  4.67  0 14 34 14139  2 300043 19461 1.6 12 7 2 4  3% 215047 3692 83%
c }  4.69  0 14 34 14161  2 301352 20426 1.6 12 7 2 4  3% 215047 3692 83%
c [  4.69  0 17 34 14161  1 301352 20426 1.8 16 9 2 7  4% 215047 3692 83%
c i  4.74  0 17 34 14161  1 303918 21777 1.8 16 9 2 7  3% 215047 3691 83%
c i  4.77  0 17 34 14161  1 305446 22527 1.8 16 9 2 7  3% 215047 3690 83%
c i  4.78  0 17 34 14161  1 306261 22955 1.8 16 9 2 7  3% 215047 3686 83%
c i  4.79  0 16 34 14161  1 306387 22988 1.8 16 9 2 7  3% 215047 3685 83%
c i  4.79  0 16 34 14161  1 306389 22988 1.8 16 9 2 7  3% 215047 3684 83%
c i  4.79  0 16 34 14161  1 306524 23046 1.8 16 9 2 7  3% 215047 3683 83%
c i  4.79  0 16 34 14161  1 306561 23062 1.8 16 9 2 7  3% 215047 3682 83%
c
c  seconds  reductions    conflicts         size  tier2       variables
c         MB      restarts       redundant     glue  trail         remaining
c          level        rate          size/glue tier1  irredundant
c
c i  4.79  0 16 34 14161  1 306593 23071 1.8 16 9 2 7  3% 215047 3681 83%
c i  4.79  0 16 34 14161  1 306637 23083 1.8 16 9 2 7  3% 215047 3680 83%
c i  4.79  0 16 34 14161  1 306672 23099 1.8 16 9 2 7  3% 215047 3678 83%
c i  4.79  0 16 34 14161  1 306688 23105 1.8 16 9 2 7  3% 215047 3674 83%
c i  4.79  0 16 34 14161  1 306693 23108 1.8 16 9 2 7  3% 215047 3669 83%
c i  4.79  0 16 34 14161  1 306698 23109 1.8 16 9 2 7  3% 215047 3663 82%
c i  4.79  0 16 34 14161  1 306699 23109 1.8 16 9 2 7  3% 215047 3644 82%
c ]  4.79  0 16 34 14161  1 306702 23109 1.8 16 9 2 7  3% 215047 3599 81%
c 0  4.79  0 16 34 14161  1 306702 23109 1.8 16 9 2 7  3% 215047 3599 81%
c
c --- [ closing proof ] ------------------------------------------------------
c
c LRAT proof file 'output/jaeger-star-thinning-countermodel-34v/star-thin-any.lrat' closed
c LRAT 336995 added clauses 49.03%
c LRAT 350322 deleted clauses 50.97%
c LRAT 63689149 bytes (60.74 MB)
c
c --- [ result ] -------------------------------------------------------------
c
s UNSATISFIABLE
c
c --- [ run-time profiling ] -------------------------------------------------
c
c process time taken by individual solving procedures
c (percentage relative to process time for solving)
c
c         4.12   86.59% search
c         2.00   42.13% unstable
c         1.90   39.98% stable
c         0.64   13.41% simplify
c         0.21    4.47% walk
c         0.12    2.62% congruence
c         0.12    2.51% elim
c         0.09    1.98% sweep
c         0.08    1.58% subsume
c         0.05    1.09% vivify
c         0.03    0.70% parse
c         0.02    0.43% backbone
c         0.02    0.35% probe
c         0.00    0.06% ternary
c         0.00    0.01% lucky
c   =================================
c         4.76   99.29% solve
c
c last line shows process time for solving
c (percentage relative to total process time)
c
c --- [ statistics ] ---------------------------------------------------------
c
c chronological:             47125        15.37 %  of conflicts
c conflicts:                306702     64452.34    per second
c backbone:                1628955     36655.15 %  of vars
c decisions:                510438    107266.74    per second
c eliminated:                  510        11.48 %  of all variables
c fixed:                       319         7.18 %  of all variables
c learned:                  296727        96.75 %  per conflict
c learned_lits:            4944527       100.00 %  learned literals
c minimized:                     0         0.00 %  learned literals
c shrunken:                 501957        10.15 %  learned literals
c minishrunken:             360330         7.29 %  learned literals
c otfs:                       7638         2.49 %  of conflict
c propagations:            8566250         1.80 M  per second
c reduced:                  205306        66.94 %  per conflict
c rephased:                     24     12779.25    interval
c restarts:                  14161        21.66    interval
c stabilizing:                   9        48.37 %  of conflicts
c substituted:                  16         0.36 %  of all variables
c sweep equivs:                  2         0.33 %  of swept variables
c subsumed:                  56495        10.23 %  of all clauses
c strengthened:              15446         2.80 %  of all clauses
c ticks:                 283003793        37.95    propagation
c vivified:                   3953         0.72 %  of all clauses
c walked:                        7     43814.57    interval
c weakened:                   2358         2.56    average size
c congruence:                    7     43814.57    interval
c
c seconds are measured in process time for solving
c
c --- [ glue usage ] ---------------------------------------------------------
c
c focused glue 2 used 93979 clauses 11.96% accumulated 57.12% tier1
c focused glue 3 used 64385 clauses 8.193% accumulated 65.31%
c focused glue 4 used 69595 clauses 8.856% accumulated 74.17% tier2
c
c stable glue 2 used 101722 clauses 11.75% accumulated 54.03% tier1
c stable glue 3 used 71554 clauses 8.270% accumulated 62.30%
c stable glue 4 used 56714 clauses 6.555% accumulated 68.86%
c stable glue 5 used 48608 clauses 5.618% accumulated 74.48%
c stable glue 6 used 40692 clauses 4.703% accumulated 79.18% tier2
c
c
c --- [ resources ] ----------------------------------------------------------
c
c total process time since initialization:         4.79    seconds
c total real time since initialization:            4.83    seconds
c maximum resident set size of process:          226.89    MB
c
c --- [ shutting down ] ------------------------------------------------------
c
c exit 20
real 4.83
user 4.69
sys 0.09
