c --- [ banner ] -------------------------------------------------------------
c
c CaDiCaL SAT Solver
c Copyright (c) 2016-2026
c A. Biere, M. Fleury, N. Froleyks, K. Fazekas, F. Pollitt, T. Faller
c JKU Linz, University of Freiburg, TU Wien
c
c Version 3.0.1
c Apple clang version 21.0.0 (clang-2100.0.123.102) -Wall -Wextra -O3 -DNDEBUG -DNCLOSEFROM
c Sun Jul 19 15:40:55 UTC 2026 Darwin Tahoe-arm64.local 25.4.0 arm64
c
c --- [ proof tracing ] ------------------------------------------------------
c
c opening file to write 'output/jaeger-star-thinning-countermodel-34v/star-thin.lrat'
c writing non-binary proof trace to 'output/jaeger-star-thinning-countermodel-34v/star-thin.lrat'
c
c --- [ parsing input ] ------------------------------------------------------
c
c reading DIMACS file from 'output/jaeger-star-thinning-countermodel-34v/star-thin.cnf'
c opening file to read 'output/jaeger-star-thinning-countermodel-34v/star-thin.cnf'
c found 'p cnf 4288 247351' header
c parsed 247351 clauses in 0.03 seconds process time
c
c --- [ options ] ------------------------------------------------------------
c
c   --binary=false                 (different from default 'true')
c   --checkproof=2                 (different from default '3')
c   --lrat=true                    (different from default 'false')
c
c --- [ solving ] ------------------------------------------------------------
c
c time measured in process time since initialization
c
c  seconds  reduction conflicts       size tier2       variables
c         MB    restarts   redundant    glue  trail         remaining
c          level     rate       size/glu tier1  irredundant
c
c *  0.03  0  0 0   0  0    0    0 0.0 0 0 2 6  0% 226621 4078 95%
c )  0.03  0  0 0   0  0    0    0 0.0 0 0 2 6  0% 226621 4078 95%
c {  0.03  0  0 0   0  0    0    0 0.0 0 0 2 6  0% 226621 4078 95%
c -  0.04  0 19 1  35  4  301  229 2.2 10 4 2 6 14% 221668 4078 95%
c -  0.05  0 19 2 132  4  883  639 2.3 12 5 2 6 13% 221668 4078 95%
c }  0.06  0 21 2 134  3 1001  752 2.3 13 5 2 6 14% 221668 4078 95%
c [  0.06  0  0 2 134  0 1001  752 0.0 0 0 2 6  0% 221668 4078 95%
c O  0.06  0  1 2 134  2 1002  753 2.0 2 1 2 6  6% 221668 4078 95%
c -  0.07  0 34 3 134  1 1881 1106 2.3 20 9 2 6 16% 221668 4078 95%
c ]  0.08  0 36 3 135  1 2209 1399 2.2 20 9 2 6 17% 221668 4078 95%
c {  0.08  0 21 3 135  3 2209 1399 2.3 13 5 2 6 14% 221668 4078 95%
c d  0.09  0 20 3 177  3 2868 1985 2.5 14 5 2 6 14% 221644 4066 95%
c t  0.11  0 20 3 177  3 2868 1985 2.5 14 5 2 6 14% 221635 4066 95%
c O  0.11  0 20 3 211  3 3005 2111 2.4 14 6 2 6 13% 221635 4066 95%
c -  0.12  0 19 4 270  3 3339 1813 2.4 14 6 2 6 13% 221635 4066 95%
c -  0.14  0 18 5 355  3 5282 2407 2.8 15 5 3 4 13% 221635 4066 95%
c i  0.15  0 18 5 465  3 5888 2939 2.7 15 6 3 4 13% 221635 4065 95%
c #  0.16  0 18 5 481  3 6006 3039 2.7 15 6 3 4 13% 221635 4065 95%
c }  0.16  0 18 5 541  3 6521 3492 2.6 15 6 3 4 13% 221635 4065 95%
c [  0.16  0 36 5 541  1 6521 3492 2.2 20 9 2 6 17% 221635 4065 95%
c
c  seconds  reduction conflicts       size  tier2       variables
c         MB    restarts   redundant     glue  trail         remaining
c          level     rate       size/glue tier1  irredundant
c
c -  0.18  0 25 6 542  1 7725 3088 2.2 17 8 4 7 14% 221582 4065 95%
c d  0.18  0 24 6 542  1 7972 3294 2.3 17 7 4 7 14% 221580 4064 95%
c I  0.23  0 24 6 543  1 10016 5011 2.1 17 8 3 5 12% 221582 4064 95%
c -  0.24  0 23 7 543  2 10682 3628 2.1 17 8 3 5 12% 221582 4064 95%
c i  0.25  0 23 7 544  1 11253 4073 2.0 16 8 3 5 12% 221582 4063 95%
c ]  0.25  0 22 7 544  1 11521 4278 2.0 16 8 3 5 12% 221582 4063 95%
c {  0.25  0 18 7 544  3 11521 4278 2.6 15 6 3 4 13% 221582 4063 95%
c s  0.26  0 18 7 564  3 11594 4320 2.6 15 6 3 4 13% 221263 4063 95%
c t  0.26  0 18 7 564  3 11594 4320 2.6 15 6 3 4 13% 221262 4063 95%
c e  0.30  0 18 7 564  3 11594  967 2.6 15 6 3 4 13% 219705 3754 88%
c s  0.30  0 18 7 564  3 11594  967 2.6 15 6 3 4 13% 219674 3754 88%
c -  0.35  0 18 8 974  3 14157 1811 2.2 14 6 3 4  3% 219674 3754 88%
c 2  0.35  0 18 8 974  3 14157 1808 2.2 14 6 3 4  3% 219674 3754 88%
c B  0.36  0 18 8 1003  3 15017 2464 2.2 13 6 3 4  3% 219674 3754 88%
c -  0.39  0 18 9 1569  3 18149 2965 1.9 13 7 3 4  3% 219674 3754 88%
c i  0.41  0 18 9 1569  3 18534 3169 1.9 12 6 3 4  3% 219674 3753 88%
c W  0.44  0 17 9 1870  3 21020 3574 1.8 12 7 3 4  3% 218641 3753 88%
c }  0.46  0 17 9 2178  3 22189 4661 1.8 12 7 3 4  3% 218641 3753 88%
c [  0.46  0 22 9 2178  1 22189 4661 2.0 16 8 3 5 13% 218641 3753 88%
c -  0.47  0 23 10 2179  1 22666 2608 2.0 16 8 3 5 13% 218641 3753 88%
c
c  seconds  reductions   conflicts       size  tier2       variables
c         MB     restarts     redundant     glue  trail         remaining
c          level       rate        size/glue tier1  irredundant
c
c d  0.47  0 23 10 2179  1 22666 2606 2.0 16 8 3 5 13% 218640 3752 88%
c =  0.48  0 23 10 2179  1 22666 2606 2.0 16 8 3 5 13% 218638 3750 87%
c -  0.54  0 23 11 2180  1 27708 3492 1.8 17 9 3 5  9% 218638 3750 87%
c 2  0.55  0 23 11 2180  1 27708 3492 1.8 17 9 3 5  9% 218637 3750 87%
c B  0.55  0 23 11 2180  1 28021 3782 1.8 17 9 3 5  9% 218637 3750 87%
c -  0.61  0 23 12 2184  1 33283 3956 1.8 17 9 3 5  8% 218637 3750 87%
c ]  0.61  0 23 12 2184  1 33624 4276 1.8 17 9 3 5  8% 218637 3750 87%
c {  0.61  0 17 12 2184  3 33624 4276 1.8 12 7 3 4  3% 218637 3750 87%
c e  0.65  0 18 12 2582  3 35079 5444 1.7 12 7 3 4  3% 218635 3749 87%
c ^  0.66  0 18 12 2582  3 35079 5444 1.7 12 7 3 4  3% 218635 3749 87%
c F  0.67  0 18 12 2841  3 36022 6278 1.7 12 7 3 4  3% 218635 3749 87%
c i  0.68  0 17 12 2851  3 38350 7763 1.7 12 7 2 4  3% 218635 3748 87%
c -  0.70  0 17 13 3124  3 39392 3328 1.7 12 7 2 4  3% 217479 3748 87%
c B  0.77  0 16 13 3656  3 45024 7628 1.6 12 7 2 4  3% 217477 3747 87%
c -  0.79  0 16 14 3930  3 46028 4375 1.6 12 7 2 4  3% 217477 3747 87%
c i  0.83  0 16 14 4254  3 49331 6669 1.6 11 7 2 4  3% 217477 3746 87%
c }  0.84  0 16 14 4475  3 50226 7457 1.6 12 7 2 4  3% 217477 3746 87%
c [  0.84  0 23 14 4475  1 50226 7457 1.8 17 9 3 5  8% 217477 3746 87%
c -  0.87  0 21 15 4477  1 53200 3588 1.8 16 9 3 5  7% 216425 3746 87%
c W  0.91  0 21 15 4478  1 55027 5213 1.7 16 9 3 5  6% 216425 3746 87%
c
c  seconds  reductions   conflicts       size  tier2       variables
c         MB     restarts     redundant     glue  trail         remaining
c          level       rate        size/glue tier1  irredundant
c
c -  0.98  0 21 16 4479  1 60899 4989 1.7 16 9 3 5  6% 216425 3746 87%
c O  1.04  0 21 16 4479  1 66028 9496 1.7 16 9 3 5  6% 216425 3746 87%
c ]  1.05  0 21 16 4481  1 67505 10579 1.7 16 9 3 5  6% 216425 3746 87%
c {  1.05  0 16 16 4481  3 67505 10579 1.6 12 7 2 4  3% 216425 3746 87%
c -  1.08  0 16 17 4834  3 69136 6080 1.6 12 7 2 4  3% 216425 3746 87%
c s  1.11  0 16 17 5132  3 70275 7108 1.6 12 7 2 4  3% 216332 3746 87%
c e  1.12  0 16 17 5132  3 70275 6328 1.6 12 7 2 4  3% 216371 3704 86%
c ^  1.13  0 16 17 5132  3 70275 6328 1.6 12 7 2 4  3% 216371 3704 86%
c -  1.21  0 16 18 5660  3 77913 6293 1.6 12 7 2 4  3% 216371 3704 86%
c W  1.26  0 16 18 5668  3 78029 6380 1.6 12 7 2 4  3% 216371 3704 86%
c }  1.34  0 15 18 6227  3 86188 12080 1.6 12 7 2 4  3% 216371 3704 86%
c [  1.34  0 21 18 6227  1 86188 12080 1.7 16 9 3 5  6% 216371 3704 86%
c -  1.35  0 20 19 6228  1 87230 6610 1.7 16 9 3 5  6% 216371 3704 86%
c B  1.40  0 20 19 6230  1 91030 9946 1.7 16 9 3 5  5% 216371 3704 86%
c -  1.47  0 20 20 6232  1 97087 7851 1.8 16 9 3 5  5% 216371 3704 86%
c W  1.58  0 19 20 6238  1 105031 14910 1.8 16 9 3 5  5% 216371 3704 86%
c ]  1.60  0 20 20 6239  1 106715 16402 1.8 16 9 3 5  5% 216371 3704 86%
c {  1.60  0 15 20 6239  3 106715 16402 1.6 12 7 2 4  3% 216371 3704 86%
c -  1.62  0 15 21 6351  3 107487 8779 1.6 12 7 2 4  3% 216371 3704 86%
c s  1.74  0 15 21 7057  2 117222 15891 1.6 12 7 2 4  3% 216278 3704 86%
c
c  seconds  reductions   conflicts         size  tier2       variables
c         MB     restarts       redundant     glue  trail         remaining
c          level       rate          size/glue tier1  irredundant
c
c s  1.77  0 15 21 7057  2 117222 15813 1.6 12 7 2 4  3% 216271 3704 86%
c ^  1.77  0 15 21 7057  2 117222 15813 1.6 12 7 2 4  3% 216271 3704 86%
c -  1.79  0 15 22 7117  2 118430 8991 1.6 12 7 2 4  3% 216271 3704 86%
c #  1.83  0 15 22 7183  2 120033 10224 1.6 12 7 2 4  3% 216271 3704 86%
c }  1.93  0 15 22 7953  2 128159 16256 1.6 12 7 2 4  3% 216271 3704 86%
c [  1.93  0 20 22 7953  1 128159 16256 1.8 16 9 3 5  5% 216271 3704 86%
c -  1.96  0 19 23 7953  1 129916 9249 1.8 16 9 3 5  5% 216271 3704 86%
c I  2.04  0 19 23 7954  1 136035 14547 1.8 16 9 3 5  4% 216271 3704 86%
c -  2.12  0 19 24 7955  1 141944 10527 1.8 16 9 2 6  4% 216271 3704 86%
c u  2.16  0 19 24 7955  1 141944 9520 1.8 16 9 2 6  4% 216271 3704 86%
c v  2.16  0 19 24 7955  1 141944 8887 1.8 16 9 2 6  4% 216271 3704 86%
c w  2.16  0 19 24 7955  1 141944 8887 1.8 16 9 2 6  4% 216271 3704 86%
c x  2.17  0 19 24 7955  1 141944 8887 1.8 16 9 2 6  4% 215138 3704 86%
c ]  2.28  0 18 24 7955  1 151030 16024 1.8 16 9 2 6  4% 215138 3704 86%
c {  2.28  0 15 24 7955  2 151030 16024 1.6 12 7 2 4  3% 215138 3704 86%
c B  2.31  0 15 24 8074  2 153036 17410 1.6 12 7 2 4  3% 215138 3704 86%
c -  2.33  0 15 25 8132  2 154519 9626 1.6 12 7 2 4  3% 215138 3704 86%
c -  2.49  0 14 26 8448  2 167615 10787 1.6 12 7 2 4  3% 215138 3704 86%
c W  2.59  0 14 26 8643  2 171038 13064 1.6 12 7 2 4  3% 215138 3704 86%
c s  2.66  0 15 26 8876  2 175900 12445 1.6 12 7 2 4  3% 214251 3704 86%
c
c  seconds  reductions   conflicts        size  tier2       variables
c         MB     restarts      redundant     glue  trail         remaining
c          level       rate         size/glue tier1  irredundant
c
c e  2.67  0 15 26 8876  2 175900 4661 1.6 12 7 2 4  3% 214226 3675 86%
c s  2.68  0 15 26 8876  2 175900 4627 1.6 12 7 2 4  3% 214163 3675 86%
c e  2.69  0 15 26 8876  2 175900 4627 1.6 12 7 2 4  3% 214063 3673 86%
c -  2.74  0 15 27 9146  2 181256 5314 1.6 12 7 2 4  3% 214063 3673 86%
c }  2.80  0 15 27 9341  2 187143 10267 1.6 12 7 2 4  3% 214063 3673 86%
c [  2.80  0 18 27 9341  1 187143 10267 1.8 16 9 2 6  4% 214063 3673 86%
c B  2.82  0 18 27 9341  1 190040 12387 1.8 16 9 2 6  4% 214063 3673 86%
c -  2.89  0 18 28 9344  1 195416 9453 1.8 16 9 2 6  4% 214063 3673 86%
c W  3.10  0 17 28 9352  1 210041 21404 1.8 16 9 2 6  4% 214063 3673 86%
c -  3.11  0 17 29 9352  1 210121 11587 1.8 16 9 2 6  4% 214063 3673 86%
c ]  3.30  0 16 29 9356  1 224579 22083 1.8 15 9 2 6  4% 214063 3673 86%
c {  3.30  0 15 29 9356  2 224579 22083 1.6 12 7 2 4  3% 214063 3673 86%
c -  3.33  0 15 30 9434  2 225368 12286 1.6 12 7 2 4  3% 214063 3673 86%
c F  3.41  0 15 30 9914  2 231042 16660 1.7 12 7 2 4  3% 214063 3673 86%
c -  3.62  0 15 31 11239  2 241158 14585 1.6 12 7 2 4  3% 214063 3673 86%
c s  3.78  0 15 31 11917  2 246282 16535 1.6 12 7 2 4  3% 213865 3673 86%
c e  3.79  0 15 31 11917  2 246282 12330 1.6 12 7 2 4  3% 213874 3670 86%
c s  3.80  0 15 31 11917  2 246282 12329 1.6 12 7 2 4  3% 213874 3670 86%
c }  3.91  0 15 31 12578  2 252856 17639 1.7 12 7 2 4  3% 213874 3670 86%
c [  3.91  0 16 31 12578  1 252856 17639 1.8 15 9 2 6  4% 213874 3670 86%
c
c  seconds  reductions    conflicts         size  tier2       variables
c         MB      restarts       redundant     glue  trail         remaining
c          level        rate          size/glue tier1  irredundant
c
c O  3.91  0 16 31 12578  1 253044 17796 1.8 15 9 2 6  4% 213874 3670 86%
c -  3.98  0 16 32 12581  1 257491 13417 1.8 15 9 2 6  3% 213874 3670 86%
c u  4.01  0 16 32 12581  1 257491 12322 1.8 15 9 2 6  3% 213874 3670 86%
c v  4.02  0 16 32 12581  1 257491 11957 1.8 15 9 2 6  3% 213874 3670 86%
c w  4.02  0 16 32 12581  1 257491 11957 1.8 15 9 2 6  3% 213874 3670 86%
c -  4.26  0 14 33 12591  1 274364 13669 1.8 15 8 2 5  3% 213874 3670 86%
c i  4.26  0 14 33 12591  1 274449 13703 1.8 15 8 2 5  3% 213874 3669 86%
c B  4.29  0 14 33 12592  1 276045 15088 1.8 15 8 2 5  3% 213874 3669 86%
c i  4.42  0 14 33 12593  1 285606 21464 1.8 14 8 2 5  3% 213874 3668 86%
c ]  4.52  0 13 33 12594  1 291766 25400 1.8 14 8 2 5  3% 213874 3668 86%
c {  4.52  0 15 33 12594  2 291766 25400 1.7 12 7 2 4  3% 213874 3668 86%
c -  4.53  0 15 34 12597  2 291782 10597 1.7 12 7 2 4  3% 213804 3668 86%
c d  4.53  0 15 34 12597  2 291782 10464 1.7 12 7 2 4  3% 213794 3665 85%
c i  4.55  0 15 34 12600  2 292590 10877 1.7 12 7 2 4  3% 213794 3664 85%
c i  4.62  0 14 34 12626  2 297579 14437 1.7 12 7 2 4  3% 213794 3663 85%
c i  4.65  0 14 34 12626  2 299668 15827 1.7 12 7 2 4  3% 213794 3662 85%
c B  4.66  0 14 34 12626  2 300046 16006 1.7 12 7 2 4  3% 213794 3662 85%
c i  4.66  0 14 34 12626  2 300389 16165 1.7 12 7 2 4  3% 213794 3661 85%
c i  4.67  0 14 34 12626  2 300679 16276 1.7 12 7 2 4  3% 213794 3658 85%
c i  4.67  0 14 34 12626  2 300716 16294 1.7 12 7 2 4  3% 213794 3656 85%
c
c  seconds  reductions    conflicts         size  tier2       variables
c         MB      restarts       redundant     glue  trail         remaining
c          level        rate          size/glue tier1  irredundant
c
c i  4.67  0 14 34 12626  2 300748 16309 1.7 12 7 2 4  3% 213794 3653 85%
c i  4.67  0 14 34 12626  2 300749 16309 1.7 12 7 2 4  3% 213794 3624 85%
c }  4.67  0 14 34 12626  2 300752 16309 1.7 12 7 2 4  3% 213794 3583 84%
c 0  4.67  0 14 34 12626  2 300752 16309 1.7 12 7 2 4  3% 213794 3583 84%
c
c --- [ closing proof ] ------------------------------------------------------
c
c LRAT proof file 'output/jaeger-star-thinning-countermodel-34v/star-thin.lrat' closed
c LRAT 338077 added clauses 48.78%
c LRAT 355014 deleted clauses 51.22%
c LRAT 64618774 bytes (61.63 MB)
c
c --- [ result ] -------------------------------------------------------------
c
s UNSATISFIABLE
c
c --- [ run-time profiling ] -------------------------------------------------
c
c process time taken by individual solving procedures
c (percentage relative to process time for solving)
c
c         3.99   86.02% search
c         1.98   42.69% stable
c         1.88   40.57% unstable
c         0.65   13.98% simplify
c         0.13    2.75% walk
c         0.12    2.60% congruence
c         0.12    2.48% elim
c         0.11    2.34% subsume
c         0.08    1.65% sweep
c         0.06    1.22% vivify
c         0.03    0.70% parse
c         0.02    0.43% backbone
c         0.02    0.35% probe
c         0.00    0.05% ternary
c         0.00    0.01% lucky
c   =================================
c         4.64   99.29% solve
c
c last line shows process time for solving
c (percentage relative to total process time)
c
c --- [ statistics ] ---------------------------------------------------------
c
c chronological:             43098        14.33 %  of conflicts
c conflicts:                300752     64846.80    per second
c backbone:                1679600     39169.78 %  of vars
c decisions:                482960    104133.67    per second
c eliminated:                  386         9.00 %  of all variables
c fixed:                       299         6.97 %  of all variables
c learned:                  291102        96.79 %  per conflict
c learned_lits:            4878250       100.00 %  learned literals
c minimized:                     0         0.00 %  learned literals
c shrunken:                 623751        12.79 %  learned literals
c minishrunken:             346816         7.11 %  learned literals
c otfs:                       7610         2.53 %  of conflict
c propagations:            8332617         1.80 M  per second
c reduced:                  176399        58.65 %  per conflict
c rephased:                     24     12531.33    interval
c restarts:                  12626        23.82    interval
c stabilizing:                   8        50.83 %  of conflicts
c substituted:                  20         0.47 %  of all variables
c sweep equivs:                  2         0.43 %  of swept variables
c subsumed:                  69432        12.92 %  of all clauses
c strengthened:              23519         4.38 %  of all clauses
c ticks:                 277726056        38.34    propagation
c vivified:                   2763         0.51 %  of all clauses
c walked:                        6     50125.33    interval
c weakened:                   2084         2.68    average size
c congruence:                    7     42964.57    interval
c
c seconds are measured in process time for solving
c
c --- [ glue usage ] ---------------------------------------------------------
c
c focused glue 2 used 109972 clauses 14.83% accumulated 57.34% tier1
c focused glue 3 used 71212 clauses 9.607% accumulated 66.95%
c focused glue 4 used 71390 clauses 9.631% accumulated 76.58% tier2
c
c stable glue 2 used 147016 clauses 15.56% accumulated 53.84% tier1
c stable glue 3 used 98378 clauses 10.41% accumulated 64.26%
c stable glue 4 used 72222 clauses 7.647% accumulated 71.91%
c stable glue 5 used 55148 clauses 5.839% accumulated 77.75% tier2
c
c
c --- [ resources ] ----------------------------------------------------------
c
c total process time since initialization:         4.67    seconds
c total real time since initialization:            4.70    seconds
c maximum resident set size of process:          221.27    MB
c
c --- [ shutting down ] ------------------------------------------------------
c
c exit 20
real 4.70
user 4.57
sys 0.09
