{
  "status": "UNSAT",
  "profile_index": 2,
  "matrix_orbit_index": null,
  "variables": 1710,
  "clauses": 128696,
  "models_checked": 2314,
  "core_pairing_failures": 0,
  "certificate_warning": "Final CNF is replayable, but no proof object was requested from the incremental discovery run.",
  "word_domain_sizes": {
    "A0": 12,
    "A1": 12,
    "A2": 2,
    "A3": 4,
    "A4": 2,
    "A5": 2,
    "A6": 2,
    "A7": 2,
    "B0": 2,
    "B1": 2,
    "B2": 2,
    "B3": 6,
    "B4": 12,
    "B5": 12,
    "B6": 2,
    "B7": 2
  },
  "cell_domain_sizes": {
    "0,0": 24,
    "0,3": 144,
    "0,6": 96,
    "0,7": 96,
    "1,1": 24,
    "1,3": 144,
    "1,6": 96,
    "1,7": 96,
    "2,0": 24,
    "2,2": 8,
    "2,3": 88,
    "3,1": 48,
    "3,3": 48,
    "3,4": 96,
    "3,5": 96,
    "4,0": 8,
    "4,2": 24,
    "4,4": 24,
    "5,1": 8,
    "5,2": 24,
    "5,5": 24,
    "6,4": 96,
    "6,5": 96,
    "6,6": 4,
    "7,4": 96,
    "7,5": 96,
    "7,7": 4
  }
}
