{
  "status": "UNSAT",
  "profile_index": 1,
  "matrix_orbit_index": null,
  "variables": 1520,
  "clauses": 144354,
  "models_checked": 2419,
  "core_pairing_failures": 0,
  "certificate_warning": "Final CNF is replayable, but no proof object was requested from the incremental discovery run.",
  "word_domain_sizes": {
    "A0": 12,
    "A1": 12,
    "A2": 2,
    "A3": 2,
    "A4": 2,
    "A5": 2,
    "A6": 2,
    "A7": 2,
    "B0": 2,
    "B1": 2,
    "B2": 2,
    "B3": 2,
    "B4": 12,
    "B5": 12,
    "B6": 2,
    "B7": 2
  },
  "cell_domain_sizes": {
    "0,0": 24,
    "0,3": 96,
    "0,5": 288,
    "0,7": 96,
    "1,1": 24,
    "1,3": 96,
    "1,6": 48,
    "1,7": 96,
    "2,1": 24,
    "2,2": 4,
    "2,4": 48,
    "2,6": 32,
    "3,0": 24,
    "3,2": 8,
    "3,3": 4,
    "3,6": 32,
    "4,0": 8,
    "4,2": 24,
    "4,4": 24,
    "5,1": 8,
    "5,2": 24,
    "5,5": 24,
    "6,4": 96,
    "6,5": 96,
    "6,6": 4,
    "7,4": 96,
    "7,5": 96,
    "7,7": 4
  }
}
