{
  "status": "UNSAT",
  "profile_index": 0,
  "matrix_orbit_index": null,
  "variables": 1320,
  "clauses": 98478,
  "models_checked": 1903,
  "core_pairing_failures": 0,
  "certificate_warning": "Final CNF is replayable, but no proof object was requested from the incremental discovery run.",
  "word_domain_sizes": {
    "A0": 12,
    "A1": 12,
    "A2": 2,
    "A3": 2,
    "A4": 2,
    "A5": 2,
    "A6": 2,
    "A7": 2,
    "B0": 2,
    "B1": 2,
    "B2": 2,
    "B3": 2,
    "B4": 12,
    "B5": 12,
    "B6": 2,
    "B7": 2
  },
  "cell_domain_sizes": {
    "0,0": 24,
    "0,2": 96,
    "0,3": 96,
    "0,6": 48,
    "1,1": 24,
    "1,2": 96,
    "1,3": 96,
    "1,7": 48,
    "2,0": 24,
    "2,2": 4,
    "2,4": 48,
    "2,7": 32,
    "3,1": 24,
    "3,3": 4,
    "3,5": 48,
    "3,7": 32,
    "4,0": 8,
    "4,4": 24,
    "4,6": 24,
    "5,1": 8,
    "5,5": 24,
    "5,6": 24,
    "6,4": 96,
    "6,5": 96,
    "6,6": 4,
    "7,4": 96,
    "7,5": 96,
    "7,7": 4
  }
}
