{
  "status": "UNSAT",
  "profile_index": 2,
  "variables": 35988,
  "clauses": 882386,
  "models_checked": 33585,
  "core_pairing_failures": 0,
  "cell_option_counts": {
    "0,0": 5,
    "0,1": 119,
    "0,2": 243,
    "0,3": 243,
    "0,4": 491,
    "0,5": 491,
    "0,6": 119,
    "0,7": 119,
    "1,0": 119,
    "1,1": 5,
    "1,2": 243,
    "1,3": 243,
    "1,4": 491,
    "1,5": 491,
    "1,6": 119,
    "1,7": 119,
    "2,0": 53,
    "2,1": 53,
    "2,2": 3,
    "2,3": 109,
    "2,4": 243,
    "2,5": 243,
    "2,6": 53,
    "2,7": 53,
    "3,0": 53,
    "3,1": 53,
    "3,2": 109,
    "3,3": 3,
    "3,4": 243,
    "3,5": 243,
    "3,6": 53,
    "3,7": 53,
    "4,0": 33,
    "4,1": 33,
    "4,2": 53,
    "4,3": 53,
    "4,4": 5,
    "4,5": 119,
    "4,6": 33,
    "4,7": 33,
    "5,0": 33,
    "5,1": 33,
    "5,2": 53,
    "5,3": 53,
    "5,4": 119,
    "5,5": 5,
    "5,6": 33,
    "5,7": 33,
    "6,0": 33,
    "6,1": 33,
    "6,2": 53,
    "6,3": 53,
    "6,4": 119,
    "6,5": 119,
    "6,6": 1,
    "6,7": 33,
    "7,0": 33,
    "7,1": 33,
    "7,2": 53,
    "7,3": 53,
    "7,4": 119,
    "7,5": 119,
    "7,6": 33,
    "7,7": 1
  },
  "certificate_warning": "Final CNF is replayable, but no proof object was requested from the incremental discovery run."
}
